{
  "foo": "Yoyodyne",
  "port": 8080,
  "max_count": 800
}
